App.tsx(19,25): error TS2345: Argument of type '() => boolean' is not assignable to parameter of type 'boolean | null'.
